error[E035]: attempt to analyze a type
 --> ${TEST_FOLDER}/analyze-types.lushui:6:5
  |
6 |       case A of
 ... _____^
9 | |         \else => false
  | |______________________^
  |
 note: forbidden to uphold parametricity and type erasure

error: aborting due to previous error

