error: use/in-expressions are not supported yet
 --> ${TEST_FOLDER}/lowering/use-in-unsupported.lushui:4:5
  |
4 |       use qualified.thing as matter in
  |  _____^
5 | |     this-location
  | |_________________^
  |

error: aborting due to previous error

