extern.core.duple.Duple.duple extern.core.nat.Nat extern.core.nat.Nat 9 338389220489284294
