error: found ‘,’ but expected ‘:’
 --> ${TEST_FOLDER}/metadata/keyless-record-of-text.metadata:4:15
  |
4 |     "    THIS",
  |               ^
  |

error: aborting due to previous error

