error: found `,` but expected end of input
 --> ${DIRECTORY}/metadata/top-level-record-trailing-comma.metadata:5:2
  |
5 | },
  |  ^ 
  |

error: aborting due to previous error

