error: found ‘,’ but expected value
  ┌─ ${TEST_FOLDER}/metadata/empty-list-with-comma.metadata:1:2
  │
1 │ [,]
  │  ═

error: aborting due to previous error

