error: found end of input but expected ‘,’
  ┌─ ${TEST_FOLDER}/recnot/unbalanced-brackets.recnot:5:2
  │
5 │  
  │ ⟫⟪

error: aborting due to previous error

