error[E031]: expected type `_ -> _`, got type `crate.core.nat.Nat`
 --> ${DIRECTORY}/cannot-apply.lushui:6:21
  |
6 | Abomination: Type = 0 1
  |                     ^ has wrong type
  |
 --> ${DIRECTORY}/cannot-apply.lushui:6:23
  |
6 | Abomination: Type = 0 1
  |                       - applied to this
  |

error: aborting due to previous error
 note: the error E031 has a detailed explanation
 help: run `lushui explain E031` to view it

