warning[deprecated]: use of deprecated binding ‘topmost.Foo’
  ┌─ ${TEST_FOLDER}/name-resolution/deprecated-bindings.lushui:9:13
  │
9 │ Bar: Type = Foo
  │             ═══

warning[deprecated]: use of deprecated binding ‘topmost.Baz’: it was not the right thing
   ┌─ ${TEST_FOLDER}/name-resolution/deprecated-bindings.lushui:14:11
   │
14 │ X: Type = Baz Bar
   │           ═══

warning[deprecated]: use of deprecated binding ‘topmost.Bar’
   ┌─ ${TEST_FOLDER}/name-resolution/deprecated-bindings.lushui:14:15
   │
14 │ X: Type = Baz Bar
   │               ═══

warning: emitted 3 warnings

