error: sequence literals without explicit type are not supported yet
   ┌─ ${TEST_FOLDER}/name-resolution/sequence-literals-unsupported.lushui:13:9
   │
13 │         (let x, let y, Text."X") => bottom
   │         ════════════════════════
   │
  help: consider prefixing the literal with a path to a type followed by a ‘.’

error: aborting due to previous error

