error[E010]: found ‘]’ but expected ‘.’, ‘::’, ‘'’, argument, ‘=’ or line break
  ┌─ ${TEST_FOLDER}/parsing/unbalanced-brackets.lushui:1:4
  │
1 │ x: X ] X [
  │    ─ while parsing this expression starting here
  │
  ├─ ${TEST_FOLDER}/parsing/unbalanced-brackets.lushui:1:6
  │
1 │ x: X ] X [
  │      ═ unexpected token

error[E044]: unbalanced square bracket
  ┌─ ${TEST_FOLDER}/parsing/unbalanced-brackets.lushui:1:6
  │
1 │ x: X ] X [
  │      ═ has no matching opening square bracket

error[E044]: unbalanced square bracket
  ┌─ ${TEST_FOLDER}/parsing/unbalanced-brackets.lushui:1:10
  │
1 │ x: X ] X [
  │          ═ has no matching closing square bracket

error: aborting due to 3 previous errors

