error: unterminated text
  ┌─ ${TEST_FOLDER}/recnot/unterminated-text.recnot:2:12
  │
2 │       where: "the long
  · ╔════════════╝
4 │ ║ }
  │ ╚═╝

error: found end of input but expected ‘,’
  ┌─ ${TEST_FOLDER}/recnot/unterminated-text.recnot:4:3
  │
4 │ }
  │ ⟫⟪

error: aborting due to 2 previous errors

